2025-05-05T00:18:25.142+02:00  INFO 18056 --- [main] org.wolve.geofilm.GeoFilmApplicationKt   : Starting GeoFilmApplicationKt using Java 23.0.2 with PID 18056 (C:\TFG\CineVia-TFG\backend\build\classes\kotlin\main started by wolve in C:\TFG\CineVia-TFG\backend)
2025-05-05T00:18:25.146+02:00 DEBUG 18056 --- [main] org.wolve.geofilm.GeoFilmApplicationKt   : Running with Spring Boot v3.4.3, Spring v6.2.3
2025-05-05T00:18:25.147+02:00  INFO 18056 --- [main] org.wolve.geofilm.GeoFilmApplicationKt   : No active profile set, falling back to 1 default profile: "default"
2025-05-05T00:18:28.396+02:00  INFO 18056 --- [main] .s.d.r.c.RepositoryConfigurationDelegate : Multiple Spring Data modules found, entering strict repository configuration mode
2025-05-05T00:18:28.400+02:00  INFO 18056 --- [main] .s.d.r.c.RepositoryConfigurationDelegate : Bootstrapping Spring Data JPA repositories in DEFAULT mode.
2025-05-05T00:18:28.989+02:00  INFO 18056 --- [main] .s.d.r.c.RepositoryConfigurationDelegate : Finished Spring Data repository scanning in 554 ms. Found 5 JPA repository interfaces.
2025-05-05T00:18:29.026+02:00  INFO 18056 --- [main] .s.d.r.c.RepositoryConfigurationDelegate : Multiple Spring Data modules found, entering strict repository configuration mode
2025-05-05T00:18:29.028+02:00  INFO 18056 --- [main] .s.d.r.c.RepositoryConfigurationDelegate : Bootstrapping Spring Data Redis repositories in DEFAULT mode.
2025-05-05T00:18:29.112+02:00  INFO 18056 --- [main] .RepositoryConfigurationExtensionSupport : Spring Data Redis - Could not safely identify store assignment for repository candidate interface org.wolve.geofilm.producciones.participacion.repository.IParticipacionRepository; If you want this repository to be a Redis repository, consider annotating your entities with one of these annotations: org.springframework.data.redis.core.RedisHash (preferred), or consider extending one of the following types with your repository: org.springframework.data.keyvalue.repository.KeyValueRepository
2025-05-05T00:18:29.113+02:00  INFO 18056 --- [main] .RepositoryConfigurationExtensionSupport : Spring Data Redis - Could not safely identify store assignment for repository candidate interface org.wolve.geofilm.producciones.produccion.repository.ProduccionRepository; If you want this repository to be a Redis repository, consider annotating your entities with one of these annotations: org.springframework.data.redis.core.RedisHash (preferred), or consider extending one of the following types with your repository: org.springframework.data.keyvalue.repository.KeyValueRepository
2025-05-05T00:18:29.114+02:00  INFO 18056 --- [main] .RepositoryConfigurationExtensionSupport : Spring Data Redis - Could not safely identify store assignment for repository candidate interface org.wolve.geofilm.producciones.profesional.repository.IProfesionalRepository; If you want this repository to be a Redis repository, consider annotating your entities with one of these annotations: org.springframework.data.redis.core.RedisHash (preferred), or consider extending one of the following types with your repository: org.springframework.data.keyvalue.repository.KeyValueRepository
2025-05-05T00:18:29.115+02:00  INFO 18056 --- [main] .RepositoryConfigurationExtensionSupport : Spring Data Redis - Could not safely identify store assignment for repository candidate interface org.wolve.geofilm.producciones.saga.repository.SagaRepository; If you want this repository to be a Redis repository, consider annotating your entities with one of these annotations: org.springframework.data.redis.core.RedisHash (preferred), or consider extending one of the following types with your repository: org.springframework.data.keyvalue.repository.KeyValueRepository
2025-05-05T00:18:29.116+02:00  INFO 18056 --- [main] .RepositoryConfigurationExtensionSupport : Spring Data Redis - Could not safely identify store assignment for repository candidate interface org.wolve.geofilm.users.repositories.UsuarioRepository; If you want this repository to be a Redis repository, consider annotating your entities with one of these annotations: org.springframework.data.redis.core.RedisHash (preferred), or consider extending one of the following types with your repository: org.springframework.data.keyvalue.repository.KeyValueRepository
2025-05-05T00:18:29.117+02:00  INFO 18056 --- [main] .s.d.r.c.RepositoryConfigurationDelegate : Finished Spring Data repository scanning in 59 ms. Found 0 Redis repository interfaces.
2025-05-05T00:18:31.016+02:00  INFO 18056 --- [main] o.s.b.w.embedded.tomcat.TomcatWebServer  : Tomcat initialized with port 8080 (http)
2025-05-05T00:18:31.054+02:00  INFO 18056 --- [main] o.apache.catalina.core.StandardService   : Starting service [Tomcat]
2025-05-05T00:18:31.055+02:00  INFO 18056 --- [main] o.apache.catalina.core.StandardEngine    : Starting Servlet engine: [Apache Tomcat/10.1.36]
2025-05-05T00:18:31.224+02:00  INFO 18056 --- [main] o.a.c.c.C.[Tomcat].[localhost].[/api]    : Initializing Spring embedded WebApplicationContext
2025-05-05T00:18:31.225+02:00  INFO 18056 --- [main] w.s.c.ServletWebServerApplicationContext : Root WebApplicationContext: initialization completed in 5876 ms
2025-05-05T00:18:33.677+02:00  INFO 18056 --- [main] o.s.o.j.p.SpringPersistenceUnitInfo      : No LoadTimeWeaver setup: ignoring JPA class transformer
2025-05-05T00:18:33.746+02:00  WARN 18056 --- [main] org.hibernate.orm.deprecation            : HHH90000021: Encountered deprecated setting [hibernate.temp.use_jdbc_metadata_defaults], use [hibernate.boot.allow_jdbc_metadata_access] instead
2025-05-05T00:18:33.827+02:00  WARN 18056 --- [main] org.hibernate.orm.deprecation            : HHH90000025: PostgreSQLDialect does not need to be specified explicitly using 'hibernate.dialect' (remove the property setting and it will be selected by default)
2025-05-05T00:18:43.853+02:00 ERROR 18056 --- [main] j.LocalContainerEntityManagerFactoryBean : Failed to initialize JPA EntityManagerFactory: [PersistenceUnit: default] Unable to build Hibernate SessionFactory; nested exception is org.hibernate.InstantiationException: Could not instantiate entity 'org.wolve.geofilm.favoritos.models.Favorito' due to: null
2025-05-05T00:18:43.857+02:00 ERROR 18056 --- [main] o.s.b.web.embedded.tomcat.TomcatStarter  : Error starting Tomcat context. Exception: org.springframework.beans.factory.UnsatisfiedDependencyException. Message: Error creating bean with name 'jwtAuthenticationFilter' defined in file [C:\TFG\CineVia-TFG\backend\build\classes\kotlin\main\org\wolve\geofilm\auth\services\jwt\JwtAuthenticationFilter.class]: Unsatisfied dependency expressed through constructor parameter 1: Error creating bean with name 'customUserDetailsService' defined in file [C:\TFG\CineVia-TFG\backend\build\classes\kotlin\main\org\wolve\geofilm\auth\services\jwt\CustomUserDetailsService.class]: Unsatisfied dependency expressed through constructor parameter 0: Error creating bean with name 'usuarioRepository' defined in org.wolve.geofilm.users.repositories.UsuarioRepository defined in @EnableJpaRepositories declared on JpaRepositoriesRegistrar.EnableJpaRepositoriesConfiguration: Cannot resolve reference to bean 'jpaSharedEM_entityManagerFactory' while setting bean property 'entityManager'
2025-05-05T00:18:43.934+02:00  INFO 18056 --- [main] o.apache.catalina.core.StandardService   : Stopping service [Tomcat]
2025-05-05T00:18:43.954+02:00  WARN 18056 --- [main] ConfigServletWebServerApplicationContext : Exception encountered during context initialization - cancelling refresh attempt: org.springframework.context.ApplicationContextException: Unable to start web server
2025-05-05T00:18:43.981+02:00  INFO 18056 --- [main] .s.b.a.l.ConditionEvaluationReportLogger : 

Error starting ApplicationContext. To display the condition evaluation report re-run your application with 'debug' enabled.
2025-05-05T00:18:44.048+02:00 ERROR 18056 --- [main] o.s.b.d.LoggingFailureAnalysisReporter   : 

***************************
APPLICATION FAILED TO START
***************************

Description:

An attempt was made to call a method that does not exist. The attempt was made from the following location:

    org.wolve.geofilm.favoritos.models.Favorito.<init>(Favorito.kt:46)

The following method did not exist:

    'void org.wolve.geofilm.users.models.Usuario.<init>(java.util.UUID, java.lang.String, java.lang.String, java.lang.String, java.lang.String, java.lang.String, java.lang.String, org.wolve.geofilm.users.models.RolUsuario, java.time.LocalDateTime, java.lang.String, java.util.UUID, java.time.LocalDateTime, java.time.LocalDateTime, int, kotlin.jvm.internal.DefaultConstructorMarker)'

The calling method's class, org.wolve.geofilm.favoritos.models.Favorito, was loaded from the following location:

    file:/C:/TFG/CineVia-TFG/backend/build/classes/kotlin/main/org/wolve/geofilm/favoritos/models/Favorito.class

The called method's class, org.wolve.geofilm.users.models.Usuario, is available from the following locations:

    file:/C:/TFG/CineVia-TFG/backend/build/classes/kotlin/main/org/wolve/geofilm/users/models/Usuario.class

The called method's class hierarchy was loaded from the following locations:

    org.wolve.geofilm.users.models.Usuario: file:/C:/TFG/CineVia-TFG/backend/build/classes/kotlin/main/


Action:

Correct the classpath of your application so that it contains compatible versions of the classes org.wolve.geofilm.favoritos.models.Favorito and org.wolve.geofilm.users.models.Usuario

2025-05-05T00:20:25.616+02:00  INFO 25236 --- [main] org.wolve.geofilm.GeoFilmApplicationKt   : Starting GeoFilmApplicationKt using Java 23.0.2 with PID 25236 (C:\TFG\CineVia-TFG\backend\build\classes\kotlin\main started by wolve in C:\TFG\CineVia-TFG\backend)
2025-05-05T00:20:25.619+02:00 DEBUG 25236 --- [main] org.wolve.geofilm.GeoFilmApplicationKt   : Running with Spring Boot v3.4.3, Spring v6.2.3
2025-05-05T00:20:25.621+02:00  INFO 25236 --- [main] org.wolve.geofilm.GeoFilmApplicationKt   : No active profile set, falling back to 1 default profile: "default"
2025-05-05T00:20:28.869+02:00  INFO 25236 --- [main] .s.d.r.c.RepositoryConfigurationDelegate : Multiple Spring Data modules found, entering strict repository configuration mode
2025-05-05T00:20:28.874+02:00  INFO 25236 --- [main] .s.d.r.c.RepositoryConfigurationDelegate : Bootstrapping Spring Data JPA repositories in DEFAULT mode.
2025-05-05T00:20:29.393+02:00  INFO 25236 --- [main] .s.d.r.c.RepositoryConfigurationDelegate : Finished Spring Data repository scanning in 491 ms. Found 5 JPA repository interfaces.
2025-05-05T00:20:29.435+02:00  INFO 25236 --- [main] .s.d.r.c.RepositoryConfigurationDelegate : Multiple Spring Data modules found, entering strict repository configuration mode
2025-05-05T00:20:29.438+02:00  INFO 25236 --- [main] .s.d.r.c.RepositoryConfigurationDelegate : Bootstrapping Spring Data Redis repositories in DEFAULT mode.
2025-05-05T00:20:29.508+02:00  INFO 25236 --- [main] .RepositoryConfigurationExtensionSupport : Spring Data Redis - Could not safely identify store assignment for repository candidate interface org.wolve.geofilm.producciones.participacion.repository.IParticipacionRepository; If you want this repository to be a Redis repository, consider annotating your entities with one of these annotations: org.springframework.data.redis.core.RedisHash (preferred), or consider extending one of the following types with your repository: org.springframework.data.keyvalue.repository.KeyValueRepository
2025-05-05T00:20:29.509+02:00  INFO 25236 --- [main] .RepositoryConfigurationExtensionSupport : Spring Data Redis - Could not safely identify store assignment for repository candidate interface org.wolve.geofilm.producciones.produccion.repository.ProduccionRepository; If you want this repository to be a Redis repository, consider annotating your entities with one of these annotations: org.springframework.data.redis.core.RedisHash (preferred), or consider extending one of the following types with your repository: org.springframework.data.keyvalue.repository.KeyValueRepository
2025-05-05T00:20:29.510+02:00  INFO 25236 --- [main] .RepositoryConfigurationExtensionSupport : Spring Data Redis - Could not safely identify store assignment for repository candidate interface org.wolve.geofilm.producciones.profesional.repository.IProfesionalRepository; If you want this repository to be a Redis repository, consider annotating your entities with one of these annotations: org.springframework.data.redis.core.RedisHash (preferred), or consider extending one of the following types with your repository: org.springframework.data.keyvalue.repository.KeyValueRepository
2025-05-05T00:20:29.511+02:00  INFO 25236 --- [main] .RepositoryConfigurationExtensionSupport : Spring Data Redis - Could not safely identify store assignment for repository candidate interface org.wolve.geofilm.producciones.saga.repository.SagaRepository; If you want this repository to be a Redis repository, consider annotating your entities with one of these annotations: org.springframework.data.redis.core.RedisHash (preferred), or consider extending one of the following types with your repository: org.springframework.data.keyvalue.repository.KeyValueRepository
2025-05-05T00:20:29.512+02:00  INFO 25236 --- [main] .RepositoryConfigurationExtensionSupport : Spring Data Redis - Could not safely identify store assignment for repository candidate interface org.wolve.geofilm.users.repositories.UsuarioRepository; If you want this repository to be a Redis repository, consider annotating your entities with one of these annotations: org.springframework.data.redis.core.RedisHash (preferred), or consider extending one of the following types with your repository: org.springframework.data.keyvalue.repository.KeyValueRepository
2025-05-05T00:20:29.513+02:00  INFO 25236 --- [main] .s.d.r.c.RepositoryConfigurationDelegate : Finished Spring Data repository scanning in 49 ms. Found 0 Redis repository interfaces.
2025-05-05T00:20:31.525+02:00  INFO 25236 --- [main] o.s.b.w.embedded.tomcat.TomcatWebServer  : Tomcat initialized with port 8080 (http)
2025-05-05T00:20:31.584+02:00  INFO 25236 --- [main] o.apache.catalina.core.StandardService   : Starting service [Tomcat]
2025-05-05T00:20:31.585+02:00  INFO 25236 --- [main] o.apache.catalina.core.StandardEngine    : Starting Servlet engine: [Apache Tomcat/10.1.36]
2025-05-05T00:20:32.250+02:00  INFO 25236 --- [main] o.a.c.c.C.[Tomcat].[localhost].[/api]    : Initializing Spring embedded WebApplicationContext
2025-05-05T00:20:32.252+02:00  INFO 25236 --- [main] w.s.c.ServletWebServerApplicationContext : Root WebApplicationContext: initialization completed in 6461 ms
2025-05-05T00:20:34.359+02:00  INFO 25236 --- [main] o.s.o.j.p.SpringPersistenceUnitInfo      : No LoadTimeWeaver setup: ignoring JPA class transformer
2025-05-05T00:20:34.409+02:00  WARN 25236 --- [main] org.hibernate.orm.deprecation            : HHH90000021: Encountered deprecated setting [hibernate.temp.use_jdbc_metadata_defaults], use [hibernate.boot.allow_jdbc_metadata_access] instead
2025-05-05T00:20:34.470+02:00  WARN 25236 --- [main] org.hibernate.orm.deprecation            : HHH90000025: PostgreSQLDialect does not need to be specified explicitly using 'hibernate.dialect' (remove the property setting and it will be selected by default)
2025-05-05T00:20:37.974+02:00 ERROR 25236 --- [main] j.LocalContainerEntityManagerFactoryBean : Failed to initialize JPA EntityManagerFactory: [PersistenceUnit: default] Unable to build Hibernate SessionFactory; nested exception is org.hibernate.InstantiationException: Could not instantiate entity 'org.wolve.geofilm.favoritos.models.Favorito' due to: null
2025-05-05T00:20:37.976+02:00 ERROR 25236 --- [main] o.s.b.web.embedded.tomcat.TomcatStarter  : Error starting Tomcat context. Exception: org.springframework.beans.factory.UnsatisfiedDependencyException. Message: Error creating bean with name 'jwtAuthenticationFilter' defined in file [C:\TFG\CineVia-TFG\backend\build\classes\kotlin\main\org\wolve\geofilm\auth\services\jwt\JwtAuthenticationFilter.class]: Unsatisfied dependency expressed through constructor parameter 1: Error creating bean with name 'customUserDetailsService' defined in file [C:\TFG\CineVia-TFG\backend\build\classes\kotlin\main\org\wolve\geofilm\auth\services\jwt\CustomUserDetailsService.class]: Unsatisfied dependency expressed through constructor parameter 0: Error creating bean with name 'usuarioRepository' defined in org.wolve.geofilm.users.repositories.UsuarioRepository defined in @EnableJpaRepositories declared on JpaRepositoriesRegistrar.EnableJpaRepositoriesConfiguration: Cannot resolve reference to bean 'jpaSharedEM_entityManagerFactory' while setting bean property 'entityManager'
2025-05-05T00:20:38.041+02:00  INFO 25236 --- [main] o.apache.catalina.core.StandardService   : Stopping service [Tomcat]
2025-05-05T00:20:38.054+02:00  WARN 25236 --- [main] ConfigServletWebServerApplicationContext : Exception encountered during context initialization - cancelling refresh attempt: org.springframework.context.ApplicationContextException: Unable to start web server
2025-05-05T00:20:38.071+02:00  INFO 25236 --- [main] .s.b.a.l.ConditionEvaluationReportLogger : 

Error starting ApplicationContext. To display the condition evaluation report re-run your application with 'debug' enabled.
2025-05-05T00:20:38.116+02:00 ERROR 25236 --- [main] o.s.b.d.LoggingFailureAnalysisReporter   : 

***************************
APPLICATION FAILED TO START
***************************

Description:

An attempt was made to call a method that does not exist. The attempt was made from the following location:

    org.wolve.geofilm.favoritos.models.Favorito.<init>(Favorito.kt:46)

The following method did not exist:

    'void org.wolve.geofilm.users.models.Usuario.<init>(java.util.UUID, java.lang.String, java.lang.String, java.lang.String, java.lang.String, java.lang.String, java.lang.String, org.wolve.geofilm.users.models.RolUsuario, java.time.LocalDateTime, java.lang.String, java.util.UUID, java.time.LocalDateTime, java.time.LocalDateTime, int, kotlin.jvm.internal.DefaultConstructorMarker)'

The calling method's class, org.wolve.geofilm.favoritos.models.Favorito, was loaded from the following location:

    file:/C:/TFG/CineVia-TFG/backend/build/classes/kotlin/main/org/wolve/geofilm/favoritos/models/Favorito.class

The called method's class, org.wolve.geofilm.users.models.Usuario, is available from the following locations:

    file:/C:/TFG/CineVia-TFG/backend/build/classes/kotlin/main/org/wolve/geofilm/users/models/Usuario.class

The called method's class hierarchy was loaded from the following locations:

    org.wolve.geofilm.users.models.Usuario: file:/C:/TFG/CineVia-TFG/backend/build/classes/kotlin/main/


Action:

Correct the classpath of your application so that it contains compatible versions of the classes org.wolve.geofilm.favoritos.models.Favorito and org.wolve.geofilm.users.models.Usuario

2025-05-05T00:21:19.110+02:00  INFO 25628 --- [main] org.wolve.geofilm.GeoFilmApplicationKt   : Starting GeoFilmApplicationKt using Java 23.0.2 with PID 25628 (C:\TFG\CineVia-TFG\backend\build\classes\kotlin\main started by wolve in C:\TFG\CineVia-TFG\backend)
2025-05-05T00:21:19.115+02:00 DEBUG 25628 --- [main] org.wolve.geofilm.GeoFilmApplicationKt   : Running with Spring Boot v3.4.3, Spring v6.2.3
2025-05-05T00:21:19.117+02:00  INFO 25628 --- [main] org.wolve.geofilm.GeoFilmApplicationKt   : No active profile set, falling back to 1 default profile: "default"
2025-05-05T00:21:23.239+02:00  INFO 25628 --- [main] .s.d.r.c.RepositoryConfigurationDelegate : Multiple Spring Data modules found, entering strict repository configuration mode
2025-05-05T00:21:23.245+02:00  INFO 25628 --- [main] .s.d.r.c.RepositoryConfigurationDelegate : Bootstrapping Spring Data JPA repositories in DEFAULT mode.
2025-05-05T00:21:23.750+02:00  INFO 25628 --- [main] .s.d.r.c.RepositoryConfigurationDelegate : Finished Spring Data repository scanning in 481 ms. Found 5 JPA repository interfaces.
2025-05-05T00:21:23.788+02:00  INFO 25628 --- [main] .s.d.r.c.RepositoryConfigurationDelegate : Multiple Spring Data modules found, entering strict repository configuration mode
2025-05-05T00:21:23.791+02:00  INFO 25628 --- [main] .s.d.r.c.RepositoryConfigurationDelegate : Bootstrapping Spring Data Redis repositories in DEFAULT mode.
2025-05-05T00:21:23.864+02:00  INFO 25628 --- [main] .RepositoryConfigurationExtensionSupport : Spring Data Redis - Could not safely identify store assignment for repository candidate interface org.wolve.geofilm.producciones.participacion.repository.IParticipacionRepository; If you want this repository to be a Redis repository, consider annotating your entities with one of these annotations: org.springframework.data.redis.core.RedisHash (preferred), or consider extending one of the following types with your repository: org.springframework.data.keyvalue.repository.KeyValueRepository
2025-05-05T00:21:23.865+02:00  INFO 25628 --- [main] .RepositoryConfigurationExtensionSupport : Spring Data Redis - Could not safely identify store assignment for repository candidate interface org.wolve.geofilm.producciones.produccion.repository.ProduccionRepository; If you want this repository to be a Redis repository, consider annotating your entities with one of these annotations: org.springframework.data.redis.core.RedisHash (preferred), or consider extending one of the following types with your repository: org.springframework.data.keyvalue.repository.KeyValueRepository
2025-05-05T00:21:23.866+02:00  INFO 25628 --- [main] .RepositoryConfigurationExtensionSupport : Spring Data Redis - Could not safely identify store assignment for repository candidate interface org.wolve.geofilm.producciones.profesional.repository.IProfesionalRepository; If you want this repository to be a Redis repository, consider annotating your entities with one of these annotations: org.springframework.data.redis.core.RedisHash (preferred), or consider extending one of the following types with your repository: org.springframework.data.keyvalue.repository.KeyValueRepository
2025-05-05T00:21:23.867+02:00  INFO 25628 --- [main] .RepositoryConfigurationExtensionSupport : Spring Data Redis - Could not safely identify store assignment for repository candidate interface org.wolve.geofilm.producciones.saga.repository.SagaRepository; If you want this repository to be a Redis repository, consider annotating your entities with one of these annotations: org.springframework.data.redis.core.RedisHash (preferred), or consider extending one of the following types with your repository: org.springframework.data.keyvalue.repository.KeyValueRepository
2025-05-05T00:21:23.868+02:00  INFO 25628 --- [main] .RepositoryConfigurationExtensionSupport : Spring Data Redis - Could not safely identify store assignment for repository candidate interface org.wolve.geofilm.users.repositories.UsuarioRepository; If you want this repository to be a Redis repository, consider annotating your entities with one of these annotations: org.springframework.data.redis.core.RedisHash (preferred), or consider extending one of the following types with your repository: org.springframework.data.keyvalue.repository.KeyValueRepository
2025-05-05T00:21:23.869+02:00  INFO 25628 --- [main] .s.d.r.c.RepositoryConfigurationDelegate : Finished Spring Data repository scanning in 55 ms. Found 0 Redis repository interfaces.
2025-05-05T00:21:25.487+02:00  INFO 25628 --- [main] o.s.b.w.embedded.tomcat.TomcatWebServer  : Tomcat initialized with port 8080 (http)
2025-05-05T00:21:25.519+02:00  INFO 25628 --- [main] o.apache.catalina.core.StandardService   : Starting service [Tomcat]
2025-05-05T00:21:25.521+02:00  INFO 25628 --- [main] o.apache.catalina.core.StandardEngine    : Starting Servlet engine: [Apache Tomcat/10.1.36]
2025-05-05T00:21:25.725+02:00  INFO 25628 --- [main] o.a.c.c.C.[Tomcat].[localhost].[/api]    : Initializing Spring embedded WebApplicationContext
2025-05-05T00:21:25.727+02:00  INFO 25628 --- [main] w.s.c.ServletWebServerApplicationContext : Root WebApplicationContext: initialization completed in 6424 ms
2025-05-05T00:21:27.791+02:00  INFO 25628 --- [main] o.s.o.j.p.SpringPersistenceUnitInfo      : No LoadTimeWeaver setup: ignoring JPA class transformer
2025-05-05T00:21:27.843+02:00  WARN 25628 --- [main] org.hibernate.orm.deprecation            : HHH90000021: Encountered deprecated setting [hibernate.temp.use_jdbc_metadata_defaults], use [hibernate.boot.allow_jdbc_metadata_access] instead
2025-05-05T00:21:27.884+02:00  WARN 25628 --- [main] org.hibernate.orm.deprecation            : HHH90000025: PostgreSQLDialect does not need to be specified explicitly using 'hibernate.dialect' (remove the property setting and it will be selected by default)
2025-05-05T00:21:30.430+02:00 ERROR 25628 --- [main] j.LocalContainerEntityManagerFactoryBean : Failed to initialize JPA EntityManagerFactory: [PersistenceUnit: default] Unable to build Hibernate SessionFactory; nested exception is org.hibernate.InstantiationException: Could not instantiate entity 'org.wolve.geofilm.favoritos.models.Favorito' due to: null
2025-05-05T00:21:30.434+02:00 ERROR 25628 --- [main] o.s.b.web.embedded.tomcat.TomcatStarter  : Error starting Tomcat context. Exception: org.springframework.beans.factory.UnsatisfiedDependencyException. Message: Error creating bean with name 'jwtAuthenticationFilter' defined in file [C:\TFG\CineVia-TFG\backend\build\classes\kotlin\main\org\wolve\geofilm\auth\services\jwt\JwtAuthenticationFilter.class]: Unsatisfied dependency expressed through constructor parameter 1: Error creating bean with name 'customUserDetailsService' defined in file [C:\TFG\CineVia-TFG\backend\build\classes\kotlin\main\org\wolve\geofilm\auth\services\jwt\CustomUserDetailsService.class]: Unsatisfied dependency expressed through constructor parameter 0: Error creating bean with name 'usuarioRepository' defined in org.wolve.geofilm.users.repositories.UsuarioRepository defined in @EnableJpaRepositories declared on JpaRepositoriesRegistrar.EnableJpaRepositoriesConfiguration: Cannot resolve reference to bean 'jpaSharedEM_entityManagerFactory' while setting bean property 'entityManager'
2025-05-05T00:21:30.509+02:00  INFO 25628 --- [main] o.apache.catalina.core.StandardService   : Stopping service [Tomcat]
2025-05-05T00:21:30.523+02:00  WARN 25628 --- [main] ConfigServletWebServerApplicationContext : Exception encountered during context initialization - cancelling refresh attempt: org.springframework.context.ApplicationContextException: Unable to start web server
2025-05-05T00:21:30.545+02:00  INFO 25628 --- [main] .s.b.a.l.ConditionEvaluationReportLogger : 

Error starting ApplicationContext. To display the condition evaluation report re-run your application with 'debug' enabled.
2025-05-05T00:21:30.597+02:00 ERROR 25628 --- [main] o.s.b.d.LoggingFailureAnalysisReporter   : 

***************************
APPLICATION FAILED TO START
***************************

Description:

An attempt was made to call a method that does not exist. The attempt was made from the following location:

    org.wolve.geofilm.favoritos.models.Favorito.<init>(Favorito.kt:46)

The following method did not exist:

    'void org.wolve.geofilm.users.models.Usuario.<init>(java.util.UUID, java.lang.String, java.lang.String, java.lang.String, java.lang.String, java.lang.String, java.lang.String, org.wolve.geofilm.users.models.RolUsuario, java.time.LocalDateTime, java.lang.String, java.util.UUID, java.time.LocalDateTime, java.time.LocalDateTime, int, kotlin.jvm.internal.DefaultConstructorMarker)'

The calling method's class, org.wolve.geofilm.favoritos.models.Favorito, was loaded from the following location:

    file:/C:/TFG/CineVia-TFG/backend/build/classes/kotlin/main/org/wolve/geofilm/favoritos/models/Favorito.class

The called method's class, org.wolve.geofilm.users.models.Usuario, is available from the following locations:

    file:/C:/TFG/CineVia-TFG/backend/build/classes/kotlin/main/org/wolve/geofilm/users/models/Usuario.class

The called method's class hierarchy was loaded from the following locations:

    org.wolve.geofilm.users.models.Usuario: file:/C:/TFG/CineVia-TFG/backend/build/classes/kotlin/main/


Action:

Correct the classpath of your application so that it contains compatible versions of the classes org.wolve.geofilm.favoritos.models.Favorito and org.wolve.geofilm.users.models.Usuario

2025-05-05T00:22:36.949+02:00 ERROR 22988 --- [main] o.s.b.d.LoggingFailureAnalysisReporter   : 

***************************
APPLICATION FAILED TO START
***************************

Description:

Failed to bind properties under 'logging.level.info' to org.springframework.boot.logging.LogLevel:

    Property: logging.level.info
    Value: "green"
    Origin: class path resource [application.properties] - 122:20
    Reason: failed to convert java.lang.String to org.springframework.boot.logging.LogLevel (caused by java.lang.IllegalArgumentException: No enum constant org.springframework.boot.logging.LogLevel.green)

Action:

Update your application's configuration. The following values are valid:

    DEBUG
    ERROR
    FATAL
    INFO
    OFF
    TRACE
    WARN

2025-05-05T00:23:06.109+02:00 ERROR 19252 --- [main] o.s.b.d.LoggingFailureAnalysisReporter   : 

***************************
APPLICATION FAILED TO START
***************************

Description:

Failed to bind properties under 'logging.level.info' to org.springframework.boot.logging.LogLevel:

    Property: logging.level.info
    Value: "green"
    Origin: class path resource [application.properties] - 122:20
    Reason: failed to convert java.lang.String to org.springframework.boot.logging.LogLevel (caused by java.lang.IllegalArgumentException: No enum constant org.springframework.boot.logging.LogLevel.green)

Action:

Update your application's configuration. The following values are valid:

    DEBUG
    ERROR
    FATAL
    INFO
    OFF
    TRACE
    WARN

